LexToken(START,'S',1,0)
LexToken(NON_TERMINAL,'S',2,9)
LexToken(RULE,'->',2,12)
LexToken(TERMINAL,'a',2,15)
LexToken(NON_TERMINAL,'S',2,19)
LexToken(TERMINAL,'a',2,22)
LexToken(OR,'|',2,26)
LexToken(TERMINAL,'b',2,28)
LexToken(NON_TERMINAL,'S',2,32)
LexToken(TERMINAL,'b',2,35)
LexToken(OR,'|',2,39)
LexToken(TERMINAL,'a',2,41)
LexToken(OR,'|',2,45)
LexToken(TERMINAL,'b',2,47)
LexToken(OR,'|',2,51)
LexToken(NULL,'NULL',2,53)
