LexToken(START,'e$cap\\e',1,0)
LexToken(NON_TERMINAL,'e$cap\\e',2,17)
LexToken(RULE,'->',2,28)
LexToken(TERMINAL,'(',2,31)
LexToken(NON_TERMINAL,'e$cap\\e',2,35)
LexToken(TERMINAL,')',2,46)
LexToken(OR,'|',2,50)
LexToken(NULL,'NULL',2,52)
LexToken(SEPARATOR,';',2,56)
