-- Grammar -- 

Terminals: {')', '('}

Non-terminals: {'e$cap\\e'}

Start: 'e$cap\e'

Rules: {
	Bind {
	name: 'e$cap\e',
	expr: Alt(
			Combination(
				Terminal(value='('),
				NonTerminal(value='e$cap\\e'),
				Terminal(value=')'),
			),
			Null(),
		)
	}
}

Chomsky normal form: False

